
momo@DESKTOP-ARS0I88 MINGW64 ~/Desktop/programming
$ git init
Initialized empty Git repository in C:/Users/momo/Desktop/programming/.git/

momo@DESKTOP-ARS0I88 MINGW64 ~/Desktop/programming (master)
$ ls
karaoke/

momo@DESKTOP-ARS0I88 MINGW64 ~/Desktop/programming (master)
$ cd karaoke/

momo@DESKTOP-ARS0I88 MINGW64 ~/Desktop/programming/karaoke (master)
$ git init
Initialized empty Git repository in C:/Users/momo/Desktop/programming/karaoke/.git/

momo@DESKTOP-ARS0I88 MINGW64 ~/Desktop/programming/karaoke (master)
$ git config --global user.email "jemoto@mqnic.com"

momo@DESKTOP-ARS0I88 MINGW64 ~/Desktop/programming/karaoke (master)
$ git config --global user.email "jemoto"

momo@DESKTOP-ARS0I88 MINGW64 ~/Desktop/programming/karaoke (master)
$ git config --global user.email "jemoto@mqnic.com"

momo@DESKTOP-ARS0I88 MINGW64 ~/Desktop/programming/karaoke (master)
$ git config --global user.name "jemoto"

momo@DESKTOP-ARS0I88 MINGW64 ~/Desktop/programming/karaoke (master)
$ git config -l
diff.astextplain.textconv=astextplain
filter.lfs.clean=git-lfs clean -- %f
filter.lfs.smudge=git-lfs smudge -- %f
filter.lfs.process=git-lfs filter-process
filter.lfs.required=true
http.sslbackend=openssl
http.sslcainfo=C:/Program Files/Git/mingw64/ssl/certs/ca-bundle.crt
core.autocrlf=true
core.fscache=true
core.symlinks=false
credential.helper=manager
user.name=jemoto
user.email=jemoto@mqnic.com
core.repositoryformatversion=0
core.filemode=false
core.bare=false
core.logallrefupdates=true
core.symlinks=false
core.ignorecase=true

momo@DESKTOP-ARS0I88 MINGW64 ~/Desktop/programming/karaoke (master)
$ git add README.txt

momo@DESKTOP-ARS0I88 MINGW64 ~/Desktop/programming/karaoke (master)
$ ls
README.txt

momo@DESKTOP-ARS0I88 MINGW64 ~/Desktop/programming/karaoke (master)
$ git commit -m "노래방스테이지"
[master (root-commit) 8d88796] 노래방스테이지
 1 file changed, 1 insertion(+)
 create mode 100644 README.txt

momo@DESKTOP-ARS0I88 MINGW64 ~/Desktop/programming/karaoke (master)
$ git log
commit 8d887963be1326073975d344d9e75c28fc50daf6 (HEAD -> master)
Author: jemoto <jemoto@mqnic.com>
Date:   Fri Jan 31 10:25:43 2020 +0900

    노래방스테이지

momo@DESKTOP-ARS0I88 MINGW64 ~/Desktop/programming/karaoke (master)
$ git add README.txt

momo@DESKTOP-ARS0I88 MINGW64 ~/Desktop/programming/karaoke (master)
$ git commit -m "만화방 변경"
[master e9c783a] 만화방 변경
 1 file changed, 1 insertion(+), 1 deletion(-)

momo@DESKTOP-ARS0I88 MINGW64 ~/Desktop/programming/karaoke (master)
$ git log
commit e9c783ad816108d62332ea34c19c185c6e4ec700 (HEAD -> master)
Author: jemoto <jemoto@mqnic.com>
Date:   Fri Jan 31 10:27:51 2020 +0900

    만화방 변경

commit 8d887963be1326073975d344d9e75c28fc50daf6
Author: jemoto <jemoto@mqnic.com>
Date:   Fri Jan 31 10:25:43 2020 +0900

    노래방스테이지

momo@DESKTOP-ARS0I88 MINGW64 ~/Desktop/programming/karaoke (master)
$ git checkout 8d887963
Note: switching to '8d887963'.

You are in 'detached HEAD' state. You can look around, make experimental
changes and commit them, and you can discard any commits you make in this
state without impacting any branches by switching back to a branch.

If you want to create a new branch to retain commits you create, you may
do so (now or later) by using -c with the switch command. Example:

  git switch -c <new-branch-name>

Or undo this operation with:

  git switch -

Turn off this advice by setting config variable advice.detachedHead to false

HEAD is now at 8d88796 노래방스테이지

momo@DESKTOP-ARS0I88 MINGW64 ~/Desktop/programming/karaoke ((8d88796...))
$ git checkout -
Previous HEAD position was 8d88796 노래방스테이지
Switched to branch 'master'

momo@DESKTOP-ARS0I88 MINGW64 ~/Desktop/programming/karaoke (master)
